[hsmkrt1996.com/index.html]
[backblue.gif]
[fade.gif]
[index.html]
[hsmkrt1996.com/images/ogp.webp]
[hsmkrt1996.com/favicon.ico]
[hsmkrt1996.com/apple-touch-icon.png]
[hsmkrt1996.com/_nuxt/4a2f9c7.js]
[hsmkrt1996.com/_nuxt/77818f7.js]
[hsmkrt1996.com/_nuxt/396882b.js]
[hsmkrt1996.com/_nuxt/d480907.js]
[hsmkrt1996.com/_nuxt/adc8486.js]
[hsmkrt1996.com/_nuxt/4e4db47.js]
[hsmkrt1996.com/_nuxt/c1451c8.js]
[hsmkrt1996.com/_nuxt/1e1d3f3.js]
[hsmkrt1996.com/_nuxt/static/1717344041/state.js]
[hsmkrt1996.com/_nuxt/static/1717344041/payload.js]
[hsmkrt1996.com/_nuxt/static/1717344041/manifest.js]
[hsmkrt1996.com/images/mouse-click.webp]
[hsmkrt1996.com/images/mouse-hold.webp]
[hsmkrt1996.com/images/mouse.webp]
[hsmkrt1996.com/images/hambergermenu-archive.webp]
[hsmkrt1996.com/index.html]
